// Jest Snapshot v1, https://goo.gl/fbAQLP

exports[`<CryptoTickerDetails> renders with Ticker Details 1`] = `
ShallowWrapper {
  "length": 1,
  Symbol(enzyme.__root__): [Circular],
  Symbol(enzyme.__unrendered__): <CryptoPairingDetails
    tickerDetails={
      Object {
        "ask": 0.0002709,
        "askSize": 43891.54842947,
        "bid": 0.00021887,
        "bidSize": 1553050.60274823,
        "dailyChange": -0.00000617,
        "dailyChangePerc": -0.0267,
        "high": 0.000232,
        "lastPrice": 0.000225,
        "low": 0.000225,
        "volume": 48787.142,
      }
    }
    tickerFetch={false}
    tickerIndex="1"
    tickerSymbol="tBTCUSD"
  />,
  Symbol(enzyme.__renderer__): Object {
    "batchedUpdates": [Function],
    "getNode": [Function],
    "render": [Function],
    "simulateEvent": [Function],
    "unmount": [Function],
  },
  Symbol(enzyme.__node__): Object {
    "instance": null,
    "key": undefined,
    "nodeType": "function",
    "props": Object {
      "children": <Spin
        prefixCls="ant-spin"
        size="large"
        spinning={false}
        wrapperClassName=""
      >
        <Card
          title="Ticker Details"
        >
          <h2>
            <Btc
              color="currentColor"
              size={48}
            />
             
            BTC/USD
          </h2>
          <h4>
            Bid
          </h4>
          <p>
            0.00021887
          </p>
          <h4>
            Bid size
          </h4>
          <p>
            1553050.60274823
          </p>
          <h4>
            Ask
          </h4>
          <p>
            0.0002709
          </p>
          <h4>
            Ask size
          </h4>
          <p>
            43891.54842947
          </p>
          <h4>
            Daily change
          </h4>
          <p>
            -0.00000617
          </p>
          <h4>
            Last price
          </h4>
          <p>
            0.000225
          </p>
          <h4>
            Volume
          </h4>
          <p>
            48787.142
          </p>
        </Card>
      </Spin>,
    },
    "ref": null,
    "rendered": Object {
      "instance": null,
      "key": undefined,
      "nodeType": "class",
      "props": Object {
        "children": <Card
          title="Ticker Details"
        >
          <h2>
            <Btc
              color="currentColor"
              size={48}
            />
             
            BTC/USD
          </h2>
          <h4>
            Bid
          </h4>
          <p>
            0.00021887
          </p>
          <h4>
            Bid size
          </h4>
          <p>
            1553050.60274823
          </p>
          <h4>
            Ask
          </h4>
          <p>
            0.0002709
          </p>
          <h4>
            Ask size
          </h4>
          <p>
            43891.54842947
          </p>
          <h4>
            Daily change
          </h4>
          <p>
            -0.00000617
          </p>
          <h4>
            Last price
          </h4>
          <p>
            0.000225
          </p>
          <h4>
            Volume
          </h4>
          <p>
            48787.142
          </p>
        </Card>,
        "prefixCls": "ant-spin",
        "size": "large",
        "spinning": false,
        "wrapperClassName": "",
      },
      "ref": null,
      "rendered": Object {
        "instance": null,
        "key": undefined,
        "nodeType": "class",
        "props": Object {
          "children": Array [
            <h2>
              <Btc
                color="currentColor"
                size={48}
              />
               
              BTC/USD
            </h2>,
            <h4>
              Bid
            </h4>,
            <p>
              0.00021887
            </p>,
            <h4>
              Bid size
            </h4>,
            <p>
              1553050.60274823
            </p>,
            <h4>
              Ask
            </h4>,
            <p>
              0.0002709
            </p>,
            <h4>
              Ask size
            </h4>,
            <p>
              43891.54842947
            </p>,
            <h4>
              Daily change
            </h4>,
            <p>
              -0.00000617
            </p>,
            <h4>
              Last price
            </h4>,
            <p>
              0.000225
            </p>,
            <h4>
              Volume
            </h4>,
            <p>
              48787.142
            </p>,
          ],
          "title": "Ticker Details",
        },
        "ref": null,
        "rendered": Array [
          Object {
            "instance": null,
            "key": undefined,
            "nodeType": "host",
            "props": Object {
              "children": Array [
                <Btc
                  color="currentColor"
                  size={48}
                />,
                " ",
                "BTC/USD",
              ],
            },
            "ref": null,
            "rendered": Array [
              Object {
                "instance": null,
                "key": undefined,
                "nodeType": "function",
                "props": Object {
                  "color": "currentColor",
                  "size": 48,
                },
                "ref": null,
                "rendered": null,
                "type": [Function],
              },
              " ",
              "BTC/USD",
            ],
            "type": "h2",
          },
          Object {
            "instance": null,
            "key": undefined,
            "nodeType": "host",
            "props": Object {
              "children": "Bid",
            },
            "ref": null,
            "rendered": "Bid",
            "type": "h4",
          },
          Object {
            "instance": null,
            "key": undefined,
            "nodeType": "host",
            "props": Object {
              "children": 0.00021887,
            },
            "ref": null,
            "rendered": 0.00021887,
            "type": "p",
          },
          Object {
            "instance": null,
            "key": undefined,
            "nodeType": "host",
            "props": Object {
              "children": "Bid size",
            },
            "ref": null,
            "rendered": "Bid size",
            "type": "h4",
          },
          Object {
            "instance": null,
            "key": undefined,
            "nodeType": "host",
            "props": Object {
              "children": 1553050.60274823,
            },
            "ref": null,
            "rendered": 1553050.60274823,
            "type": "p",
          },
          Object {
            "instance": null,
            "key": undefined,
            "nodeType": "host",
            "props": Object {
              "children": "Ask",
            },
            "ref": null,
            "rendered": "Ask",
            "type": "h4",
          },
          Object {
            "instance": null,
            "key": undefined,
            "nodeType": "host",
            "props": Object {
              "children": 0.0002709,
            },
            "ref": null,
            "rendered": 0.0002709,
            "type": "p",
          },
          Object {
            "instance": null,
            "key": undefined,
            "nodeType": "host",
            "props": Object {
              "children": "Ask size",
            },
            "ref": null,
            "rendered": "Ask size",
            "type": "h4",
          },
          Object {
            "instance": null,
            "key": undefined,
            "nodeType": "host",
            "props": Object {
              "children": 43891.54842947,
            },
            "ref": null,
            "rendered": 43891.54842947,
            "type": "p",
          },
          Object {
            "instance": null,
            "key": undefined,
            "nodeType": "host",
            "props": Object {
              "children": "Daily change",
            },
            "ref": null,
            "rendered": "Daily change",
            "type": "h4",
          },
          Object {
            "instance": null,
            "key": undefined,
            "nodeType": "host",
            "props": Object {
              "children": -0.00000617,
            },
            "ref": null,
            "rendered": -0.00000617,
            "type": "p",
          },
          Object {
            "instance": null,
            "key": undefined,
            "nodeType": "host",
            "props": Object {
              "children": "Last price",
            },
            "ref": null,
            "rendered": "Last price",
            "type": "h4",
          },
          Object {
            "instance": null,
            "key": undefined,
            "nodeType": "host",
            "props": Object {
              "children": 0.000225,
            },
            "ref": null,
            "rendered": 0.000225,
            "type": "p",
          },
          Object {
            "instance": null,
            "key": undefined,
            "nodeType": "host",
            "props": Object {
              "children": "Volume",
            },
            "ref": null,
            "rendered": "Volume",
            "type": "h4",
          },
          Object {
            "instance": null,
            "key": undefined,
            "nodeType": "host",
            "props": Object {
              "children": 48787.142,
            },
            "ref": null,
            "rendered": 48787.142,
            "type": "p",
          },
        ],
        "type": [Function],
      },
      "type": [Function],
    },
    "type": Symbol(react.fragment),
  },
  Symbol(enzyme.__nodes__): Array [
    Object {
      "instance": null,
      "key": undefined,
      "nodeType": "function",
      "props": Object {
        "children": <Spin
          prefixCls="ant-spin"
          size="large"
          spinning={false}
          wrapperClassName=""
        >
          <Card
            title="Ticker Details"
          >
            <h2>
              <Btc
                color="currentColor"
                size={48}
              />
               
              BTC/USD
            </h2>
            <h4>
              Bid
            </h4>
            <p>
              0.00021887
            </p>
            <h4>
              Bid size
            </h4>
            <p>
              1553050.60274823
            </p>
            <h4>
              Ask
            </h4>
            <p>
              0.0002709
            </p>
            <h4>
              Ask size
            </h4>
            <p>
              43891.54842947
            </p>
            <h4>
              Daily change
            </h4>
            <p>
              -0.00000617
            </p>
            <h4>
              Last price
            </h4>
            <p>
              0.000225
            </p>
            <h4>
              Volume
            </h4>
            <p>
              48787.142
            </p>
          </Card>
        </Spin>,
      },
      "ref": null,
      "rendered": Object {
        "instance": null,
        "key": undefined,
        "nodeType": "class",
        "props": Object {
          "children": <Card
            title="Ticker Details"
          >
            <h2>
              <Btc
                color="currentColor"
                size={48}
              />
               
              BTC/USD
            </h2>
            <h4>
              Bid
            </h4>
            <p>
              0.00021887
            </p>
            <h4>
              Bid size
            </h4>
            <p>
              1553050.60274823
            </p>
            <h4>
              Ask
            </h4>
            <p>
              0.0002709
            </p>
            <h4>
              Ask size
            </h4>
            <p>
              43891.54842947
            </p>
            <h4>
              Daily change
            </h4>
            <p>
              -0.00000617
            </p>
            <h4>
              Last price
            </h4>
            <p>
              0.000225
            </p>
            <h4>
              Volume
            </h4>
            <p>
              48787.142
            </p>
          </Card>,
          "prefixCls": "ant-spin",
          "size": "large",
          "spinning": false,
          "wrapperClassName": "",
        },
        "ref": null,
        "rendered": Object {
          "instance": null,
          "key": undefined,
          "nodeType": "class",
          "props": Object {
            "children": Array [
              <h2>
                <Btc
                  color="currentColor"
                  size={48}
                />
                 
                BTC/USD
              </h2>,
              <h4>
                Bid
              </h4>,
              <p>
                0.00021887
              </p>,
              <h4>
                Bid size
              </h4>,
              <p>
                1553050.60274823
              </p>,
              <h4>
                Ask
              </h4>,
              <p>
                0.0002709
              </p>,
              <h4>
                Ask size
              </h4>,
              <p>
                43891.54842947
              </p>,
              <h4>
                Daily change
              </h4>,
              <p>
                -0.00000617
              </p>,
              <h4>
                Last price
              </h4>,
              <p>
                0.000225
              </p>,
              <h4>
                Volume
              </h4>,
              <p>
                48787.142
              </p>,
            ],
            "title": "Ticker Details",
          },
          "ref": null,
          "rendered": Array [
            Object {
              "instance": null,
              "key": undefined,
              "nodeType": "host",
              "props": Object {
                "children": Array [
                  <Btc
                    color="currentColor"
                    size={48}
                  />,
                  " ",
                  "BTC/USD",
                ],
              },
              "ref": null,
              "rendered": Array [
                Object {
                  "instance": null,
                  "key": undefined,
                  "nodeType": "function",
                  "props": Object {
                    "color": "currentColor",
                    "size": 48,
                  },
                  "ref": null,
                  "rendered": null,
                  "type": [Function],
                },
                " ",
                "BTC/USD",
              ],
              "type": "h2",
            },
            Object {
              "instance": null,
              "key": undefined,
              "nodeType": "host",
              "props": Object {
                "children": "Bid",
              },
              "ref": null,
              "rendered": "Bid",
              "type": "h4",
            },
            Object {
              "instance": null,
              "key": undefined,
              "nodeType": "host",
              "props": Object {
                "children": 0.00021887,
              },
              "ref": null,
              "rendered": 0.00021887,
              "type": "p",
            },
            Object {
              "instance": null,
              "key": undefined,
              "nodeType": "host",
              "props": Object {
                "children": "Bid size",
              },
              "ref": null,
              "rendered": "Bid size",
              "type": "h4",
            },
            Object {
              "instance": null,
              "key": undefined,
              "nodeType": "host",
              "props": Object {
                "children": 1553050.60274823,
              },
              "ref": null,
              "rendered": 1553050.60274823,
              "type": "p",
            },
            Object {
              "instance": null,
              "key": undefined,
              "nodeType": "host",
              "props": Object {
                "children": "Ask",
              },
              "ref": null,
              "rendered": "Ask",
              "type": "h4",
            },
            Object {
              "instance": null,
              "key": undefined,
              "nodeType": "host",
              "props": Object {
                "children": 0.0002709,
              },
              "ref": null,
              "rendered": 0.0002709,
              "type": "p",
            },
            Object {
              "instance": null,
              "key": undefined,
              "nodeType": "host",
              "props": Object {
                "children": "Ask size",
              },
              "ref": null,
              "rendered": "Ask size",
              "type": "h4",
            },
            Object {
              "instance": null,
              "key": undefined,
              "nodeType": "host",
              "props": Object {
                "children": 43891.54842947,
              },
              "ref": null,
              "rendered": 43891.54842947,
              "type": "p",
            },
            Object {
              "instance": null,
              "key": undefined,
              "nodeType": "host",
              "props": Object {
                "children": "Daily change",
              },
              "ref": null,
              "rendered": "Daily change",
              "type": "h4",
            },
            Object {
              "instance": null,
              "key": undefined,
              "nodeType": "host",
              "props": Object {
                "children": -0.00000617,
              },
              "ref": null,
              "rendered": -0.00000617,
              "type": "p",
            },
            Object {
              "instance": null,
              "key": undefined,
              "nodeType": "host",
              "props": Object {
                "children": "Last price",
              },
              "ref": null,
              "rendered": "Last price",
              "type": "h4",
            },
            Object {
              "instance": null,
              "key": undefined,
              "nodeType": "host",
              "props": Object {
                "children": 0.000225,
              },
              "ref": null,
              "rendered": 0.000225,
              "type": "p",
            },
            Object {
              "instance": null,
              "key": undefined,
              "nodeType": "host",
              "props": Object {
                "children": "Volume",
              },
              "ref": null,
              "rendered": "Volume",
              "type": "h4",
            },
            Object {
              "instance": null,
              "key": undefined,
              "nodeType": "host",
              "props": Object {
                "children": 48787.142,
              },
              "ref": null,
              "rendered": 48787.142,
              "type": "p",
            },
          ],
          "type": [Function],
        },
        "type": [Function],
      },
      "type": Symbol(react.fragment),
    },
  ],
  Symbol(enzyme.__options__): Object {
    "adapter": ReactSixteenAdapter {
      "options": Object {
        "enableComponentDidUpdateOnSetState": true,
      },
    },
  },
}
`;
